version: v2.3.1
========================
release date：20260330
change log:
  - 适配麒麟v10 操作系统

version: v2.1.8
========================
release date：20250605
change log:
  - 更新RDMA opcode统计
  - 更新ptype统计
version: v2.1.8
========================
release date：20250605
change log:
  - 更新RDMA opcode统计
  - 更新ptype统计

version: v2.1.7
========================
release date：20250411
change log:
  - vport_eport/eth_eport/epro_flow_act/vport_iport/vport_2nd_iport/eth_iport

version: v2.1.6
========================
release date：20250409
change log:
  - 增加eth口个数统计和eth口转发类型查看

version: v2.1.5
========================
release date：20250407
change log:
  - update VTX 模块的可选队列范围打印，例如-t 3-20

version: v2.1.4
========================
release date：20250407
change log:
  - update PP PTYPE模块的 clear ptype

version: v2.1.3
========================
release date：20250403
change log:
  - update PP PTYPE模块的 统计

version: v2.1.2
========================
release date：20250310
change log:
  - update RDMA ecode模块的 统计含义

version: v2.1.1
========================
release date：20250225
change log:
  - update RDMA DEBUG模块的 64 help 信息

version: v2.1.0
========================
release date：20250224
change log:
  - update RDMA 模块的 64 位debug 信息
  - 新增rdma命令  支持-m rdma显示rdma模块的统计信息

version: v2.0.9
========================
release date：20250212
change log:
  - update DP 模块的 debug 信息

version: v2.0.8
========================
release date：20250124
change log:
  - update PP 模块的 多行debug 信息

version: v2.0.7
========================
release date：20250124
change log:
  - update RDMA 模块的 debug 信息

version: v2.0.6
========================
release date：20250123
change log:
  - update RDMA 模块的 OPCODE debug 信息


version: v2.0.5
========================
release date：20250123
change log:
  - update PP 模块的debug 信息读取

version: v2.0.4
========================
release date：20250123
change log:
  - modify V2 RDMA STAE 模块的debug 信息读取

version: v2.0.3
========================
release date：20250113
change log:
  - update V2 RDMA STAE 模块的debug 信息读取

version: v2.0.2
========================
release date：20250110
change log:
  - 适配了V2 RDMA 剩余所有模块的debug信息读取

version: v2.0.1
========================
release date：20250109
change log:
  - 适配了V2 RDMA stae模块的间接描述符读取

version: v2.0.0
========================
release date：20250106
change log:
  - 适配了V2 RDMA stae模块的寄存器信息
